[    0.000000] Linux version 4.17.10-ttshivhu (root@ttshivhu) (gcc version 7.2.0 (GCC)) #1 SMP Thu Jul 26 15:31:35 SAST 2018
[    0.000000] Command line: BOOT_IMAGE=/vmlinuz-4.17.10-ttshivhu root=/dev/sda2 ro
[    0.000000] x86/fpu: Supporting XSAVE feature 0x001: 'x87 floating point registers'
[    0.000000] x86/fpu: Supporting XSAVE feature 0x002: 'SSE registers'
[    0.000000] x86/fpu: Supporting XSAVE feature 0x004: 'AVX registers'
[    0.000000] x86/fpu: xstate_offset[2]:  576, xstate_sizes[2]:  256
[    0.000000] x86/fpu: Enabled xstate features 0x7, context size is 832 bytes, using 'standard' format.
[    0.000000] e820: BIOS-provided physical RAM map:
[    0.000000] BIOS-e820: [mem 0x0000000000000000-0x000000000009fbff] usable
[    0.000000] BIOS-e820: [mem 0x000000000009fc00-0x000000000009ffff] reserved
[    0.000000] BIOS-e820: [mem 0x00000000000f0000-0x00000000000fffff] reserved
[    0.000000] BIOS-e820: [mem 0x0000000000100000-0x00000000dffeffff] usable
[    0.000000] BIOS-e820: [mem 0x00000000dfff0000-0x00000000dfffffff] ACPI data
[    0.000000] BIOS-e820: [mem 0x00000000fec00000-0x00000000fec00fff] reserved
[    0.000000] BIOS-e820: [mem 0x00000000fee00000-0x00000000fee00fff] reserved
[    0.000000] BIOS-e820: [mem 0x00000000fffc0000-0x00000000ffffffff] reserved
[    0.000000] BIOS-e820: [mem 0x0000000100000000-0x0000000175efffff] usable
[    0.000000] NX (Execute Disable) protection: active
[    0.000000] SMBIOS 2.5 present.
[    0.000000] DMI: innotek GmbH VirtualBox/VirtualBox, BIOS VirtualBox 12/01/2006
[    0.000000] e820: update [mem 0x00000000-0x00000fff] usable ==> reserved
[    0.000000] e820: remove [mem 0x000a0000-0x000fffff] usable
[    0.000000] e820: last_pfn = 0x175f00 max_arch_pfn = 0x400000000
[    0.000000] MTRR default type: uncachable
[    0.000000] MTRR variable ranges disabled:
[    0.000000] MTRR: Disabled
[    0.000000] x86/PAT: MTRRs disabled, skipping PAT initialization too.
[    0.000000] CPU MTRRs all blank - virtualized system.
[    0.000000] x86/PAT: Configuration [0-7]: WB  WT  UC- UC  WB  WT  UC- UC  
[    0.000000] e820: last_pfn = 0xdfff0 max_arch_pfn = 0x400000000
[    0.000000] found SMP MP-table at [mem 0x0009fff0-0x0009ffff] mapped at [        (ptrval)]
[    0.000000] Scanning 1 areas for low memory corruption
[    0.000000] Base memory trampoline at [        (ptrval)] 99000 size 24576
[    0.000000] BRK [0x92b03000, 0x92b03fff] PGTABLE
[    0.000000] BRK [0x92b04000, 0x92b04fff] PGTABLE
[    0.000000] BRK [0x92b05000, 0x92b05fff] PGTABLE
[    0.000000] BRK [0x92b06000, 0x92b06fff] PGTABLE
[    0.000000] BRK [0x92b07000, 0x92b07fff] PGTABLE
[    0.000000] BRK [0x92b08000, 0x92b08fff] PGTABLE
[    0.000000] BRK [0x92b09000, 0x92b09fff] PGTABLE
[    0.000000] RAMDISK: [mem 0x36629000-0x3730bfff]
[    0.000000] ACPI: Early table checksum verification disabled
[    0.000000] ACPI: RSDP 0x00000000000E0000 000024 (v02 VBOX  )
[    0.000000] ACPI: XSDT 0x00000000DFFF0030 00003C (v01 VBOX   VBOXXSDT 00000001 ASL  00000061)
[    0.000000] ACPI: FACP 0x00000000DFFF00F0 0000F4 (v04 VBOX   VBOXFACP 00000001 ASL  00000061)
[    0.000000] ACPI: DSDT 0x00000000DFFF0470 0021FF (v02 VBOX   VBOXBIOS 00000002 INTL 20100528)
[    0.000000] ACPI: FACS 0x00000000DFFF0200 000040
[    0.000000] ACPI: FACS 0x00000000DFFF0200 000040
[    0.000000] ACPI: APIC 0x00000000DFFF0240 000054 (v02 VBOX   VBOXAPIC 00000001 ASL  00000061)
[    0.000000] ACPI: SSDT 0x00000000DFFF02A0 0001CC (v01 VBOX   VBOXCPUT 00000002 INTL 20100528)
[    0.000000] ACPI: Local APIC address 0xfee00000
[    0.000000] No NUMA configuration found
[    0.000000] Faking a node at [mem 0x0000000000000000-0x0000000175efffff]
[    0.000000] NODE_DATA(0) allocated [mem 0x175efc000-0x175efffff]
[    0.000000] tsc: Fast TSC calibration using PIT
[    0.000000] Zone ranges:
[    0.000000]   DMA      [mem 0x0000000000001000-0x0000000000ffffff]
[    0.000000]   DMA32    [mem 0x0000000001000000-0x00000000ffffffff]
[    0.000000]   Normal   [mem 0x0000000100000000-0x0000000175efffff]
[    0.000000] Movable zone start for each node
[    0.000000] Early memory node ranges
[    0.000000]   node   0: [mem 0x0000000000001000-0x000000000009efff]
[    0.000000]   node   0: [mem 0x0000000000100000-0x00000000dffeffff]
[    0.000000]   node   0: [mem 0x0000000100000000-0x0000000175efffff]
[    0.000000] Reserved but unavailable: 114 pages
[    0.000000] Initmem setup node 0 [mem 0x0000000000001000-0x0000000175efffff]
[    0.000000] On node 0 totalpages: 1400462
[    0.000000]   DMA zone: 64 pages used for memmap
[    0.000000]   DMA zone: 21 pages reserved
[    0.000000]   DMA zone: 3998 pages, LIFO batch:0
[    0.000000]   DMA32 zone: 14272 pages used for memmap
[    0.000000]   DMA32 zone: 913392 pages, LIFO batch:31
[    0.000000]   Normal zone: 7548 pages used for memmap
[    0.000000]   Normal zone: 483072 pages, LIFO batch:31
[    0.000000] ACPI: PM-Timer IO Port: 0x4008
[    0.000000] ACPI: Local APIC address 0xfee00000
[    0.000000] IOAPIC[0]: apic_id 1, version 32, address 0xfec00000, GSI 0-23
[    0.000000] ACPI: INT_SRC_OVR (bus 0 bus_irq 0 global_irq 2 dfl dfl)
[    0.000000] ACPI: INT_SRC_OVR (bus 0 bus_irq 9 global_irq 9 low level)
[    0.000000] ACPI: IRQ0 used by override.
[    0.000000] ACPI: IRQ9 used by override.
[    0.000000] Using ACPI (MADT) for SMP configuration information
[    0.000000] smpboot: Allowing 1 CPUs, 0 hotplug CPUs
[    0.000000] PM: Registered nosave memory: [mem 0x00000000-0x00000fff]
[    0.000000] PM: Registered nosave memory: [mem 0x0009f000-0x0009ffff]
[    0.000000] PM: Registered nosave memory: [mem 0x000a0000-0x000effff]
[    0.000000] PM: Registered nosave memory: [mem 0x000f0000-0x000fffff]
[    0.000000] PM: Registered nosave memory: [mem 0xdfff0000-0xdfffffff]
[    0.000000] PM: Registered nosave memory: [mem 0xe0000000-0xfebfffff]
[    0.000000] PM: Registered nosave memory: [mem 0xfec00000-0xfec00fff]
[    0.000000] PM: Registered nosave memory: [mem 0xfec01000-0xfedfffff]
[    0.000000] PM: Registered nosave memory: [mem 0xfee00000-0xfee00fff]
[    0.000000] PM: Registered nosave memory: [mem 0xfee01000-0xfffbffff]
[    0.000000] PM: Registered nosave memory: [mem 0xfffc0000-0xffffffff]
[    0.000000] e820: [mem 0xe0000000-0xfebfffff] available for PCI devices
[    0.000000] clocksource: refined-jiffies: mask: 0xffffffff max_cycles: 0xffffffff, max_idle_ns: 1910969940391419 ns
[    0.000000] random: get_random_bytes called from start_kernel+0x8b/0x49c with crng_init=0
[    0.000000] setup_percpu: NR_CPUS:64 nr_cpumask_bits:64 nr_cpu_ids:1 nr_node_ids:1
[    0.000000] percpu: Embedded 43 pages/cpu @        (ptrval) s137304 r8192 d30632 u2097152
[    0.000000] pcpu-alloc: s137304 r8192 d30632 u2097152 alloc=1*2097152
[    0.000000] pcpu-alloc: [0] 0 
[    0.000000] Built 1 zonelists, mobility grouping on.  Total pages: 1378557
[    0.000000] Policy zone: Normal
[    0.000000] Kernel command line: BOOT_IMAGE=/vmlinuz-4.17.10-ttshivhu root=/dev/sda2 ro
[    0.000000] Calgary: detecting Calgary via BIOS EBDA area
[    0.000000] Calgary: Unable to locate Rio Grande table in EBDA - bailing!
[    0.000000] Memory: 5408636K/5601848K available (12300K kernel code, 1292K rwdata, 3100K rodata, 1240K init, 608K bss, 193212K reserved, 0K cma-reserved)
[    0.000000] SLUB: HWalign=64, Order=0-3, MinObjects=0, CPUs=1, Nodes=1
[    0.000000] Kernel/User page tables isolation: enabled
[    0.000000] Hierarchical RCU implementation.
[    0.000000] 	RCU event tracing is enabled.
[    0.000000] 	RCU restricting CPUs from NR_CPUS=64 to nr_cpu_ids=1.
[    0.000000] RCU: Adjusting geometry for rcu_fanout_leaf=16, nr_cpu_ids=1
[    0.000000] NR_IRQS: 4352, nr_irqs: 256, preallocated irqs: 16
[    0.000000] Console: colour VGA+ 80x25
[    0.000000] console [tty0] enabled
[    0.000000] ACPI: Core revision 20180313
[    0.000000] APIC: Switch to symmetric I/O mode setup
[    0.000000] ..TIMER: vector=0x30 apic1=0 pin1=2 apic2=-1 pin2=-1
[    0.006000] tsc: Fast TSC calibration failed
[    0.010000] tsc: Unable to calibrate against PIT
[    0.010000] tsc: using PMTIMER reference calibration
[    0.011000] tsc: Detected 2793.521 MHz processor
[    0.012000] clocksource: tsc-early: mask: 0xffffffffffffffff max_cycles: 0x2844583c289, max_idle_ns: 440795291279 ns
[    0.012000] Calibrating delay loop (skipped), value calculated using timer frequency.. 5587.04 BogoMIPS (lpj=2793521)
[    0.013000] pid_max: default: 32768 minimum: 301
[    0.013235] Security Framework initialized
[    0.013607] SELinux:  Initializing.
[    0.014000] SELinux:  Starting in permissive mode
[    0.015738] Dentry cache hash table entries: 1048576 (order: 11, 8388608 bytes)
[    0.017284] Inode-cache hash table entries: 524288 (order: 10, 4194304 bytes)
[    0.018015] Mount-cache hash table entries: 16384 (order: 5, 131072 bytes)
[    0.018462] Mountpoint-cache hash table entries: 16384 (order: 5, 131072 bytes)
[    0.019146] CPU: Physical Processor ID: 0
[    0.019538] mce: CPU supports 0 MCE banks
[    0.019938] process: using mwait in idle threads
[    0.020004] Last level iTLB entries: 4KB 128, 2MB 8, 4MB 8
[    0.020402] Last level dTLB entries: 4KB 64, 2MB 0, 4MB 0, 1GB 4
[    0.021000] Spectre V2 : Vulnerable: Minimal generic ASM retpoline
[    0.021417] Speculative Store Bypass: Vulnerable
[    0.033386] Freeing SMP alternatives memory: 36K
[    0.034000] smpboot: CPU0: Intel(R) Core(TM) i5-5575R CPU @ 2.80GHz (family: 0x6, model: 0x47, stepping: 0x1)
[    0.034000] Performance Events: unsupported p6 CPU model 71 no PMU driver, software events only.
[    0.034029] Hierarchical SRCU implementation.
[    0.034453] smp: Bringing up secondary CPUs ...
[    0.034809] smp: Brought up 1 node, 1 CPU
[    0.035000] smpboot: Max logical packages: 1
[    0.035293] smpboot: Total of 1 processors activated (5587.04 BogoMIPS)
[    0.035863] devtmpfs: initialized
[    0.036152] clocksource: jiffies: mask: 0xffffffff max_cycles: 0xffffffff, max_idle_ns: 1911260446275000 ns
[    0.037005] futex hash table entries: 256 (order: 2, 16384 bytes)
[    0.037441] RTC time: 14:00:24, date: 07/26/18
[    0.037881] NET: Registered protocol family 16
[    0.038066] audit: initializing netlink subsys (disabled)
[    0.038514] cpuidle: using governor menu
[    0.039062] ACPI: bus type PCI registered
[    0.040082] PCI: Using configuration type 1 for base access
[    0.040498] audit: type=2000 audit(1532613624.038:1): state=initialized audit_enabled=0 res=1
[    0.043215] kworker/u2:0 (194) used greatest stack depth: 14640 bytes left
[    0.043673] kworker/u2:0 (176) used greatest stack depth: 14160 bytes left
[    0.049479] HugeTLB registered 2.00 MiB page size, pre-allocated 0 pages
[    0.050201] ACPI: Added _OSI(Module Device)
[    0.050577] ACPI: Added _OSI(Processor Device)
[    0.051028] ACPI: Added _OSI(3.0 _SCP Extensions)
[    0.051393] ACPI: Added _OSI(Processor Aggregator Device)
[    0.051766] ACPI: Added _OSI(Linux-Dell-Video)
[    0.053000] ACPI: 2 ACPI AML tables successfully acquired and loaded
[    0.055221] ACPI: Interpreter enabled
[    0.055574] ACPI: (supports S0 S5)
[    0.055908] ACPI: Using IOAPIC for interrupt routing
[    0.056128] PCI: Using host bridge windows from ACPI; if necessary, use "pci=nocrs" and report a bug
[    0.056748] ACPI: Enabled 2 GPEs in block 00 to 07
[    0.061243] ACPI: PCI Root Bridge [PCI0] (domain 0000 [bus 00-ff])
[    0.061647] acpi PNP0A03:00: _OSC: OS supports [ASPM ClockPM Segments MSI]
[    0.062101] acpi PNP0A03:00: _OSC: not requesting OS control; OS requires [ExtendedConfig ASPM ClockPM MSI]
[    0.062811] acpi PNP0A03:00: fail to add MMCONFIG information, can't access extended PCI configuration space under this bridge.
[    0.063114] PCI host bridge to bus 0000:00
[    0.063470] pci_bus 0000:00: root bus resource [io  0x0000-0x0cf7 window]
[    0.064017] pci_bus 0000:00: root bus resource [io  0x0d00-0xffff window]
[    0.064430] pci_bus 0000:00: root bus resource [mem 0x000a0000-0x000bffff window]
[    0.065000] pci_bus 0000:00: root bus resource [mem 0xe0000000-0xfdffffff window]
[    0.065349] pci_bus 0000:00: root bus resource [bus 00-ff]
[    0.065778] pci 0000:00:00.0: [8086:1237] type 00 class 0x060000
[    0.066773] pci 0000:00:01.0: [8086:7000] type 00 class 0x060100
[    0.067757] pci 0000:00:01.1: [8086:7111] type 00 class 0x01018a
[    0.068534] pci 0000:00:01.1: reg 0x20: [io  0xd000-0xd00f]
[    0.069030] pci 0000:00:01.1: legacy IDE quirk: reg 0x10: [io  0x01f0-0x01f7]
[    0.069482] pci 0000:00:01.1: legacy IDE quirk: reg 0x14: [io  0x03f6]
[    0.069898] pci 0000:00:01.1: legacy IDE quirk: reg 0x18: [io  0x0170-0x0177]
[    0.070005] pci 0000:00:01.1: legacy IDE quirk: reg 0x1c: [io  0x0376]
[    0.071336] pci 0000:00:02.0: [80ee:beef] type 00 class 0x030000
[    0.073025] pci 0000:00:02.0: reg 0x10: [mem 0xe0000000-0xe0ffffff pref]
[    0.084366] pci 0000:00:03.0: [8086:100e] type 00 class 0x020000
[    0.086328] pci 0000:00:03.0: reg 0x10: [mem 0xf0000000-0xf001ffff]
[    0.090518] pci 0000:00:03.0: reg 0x18: [io  0xd010-0xd017]
[    0.099368] pci 0000:00:04.0: [80ee:cafe] type 00 class 0x088000
[    0.100618] pci 0000:00:04.0: reg 0x10: [io  0xd020-0xd03f]
[    0.102838] pci 0000:00:04.0: reg 0x14: [mem 0xf0400000-0xf07fffff]
[    0.104417] pci 0000:00:04.0: reg 0x18: [mem 0xf0800000-0xf0803fff pref]
[    0.112478] pci 0000:00:05.0: [8086:2415] type 00 class 0x040100
[    0.112689] pci 0000:00:05.0: reg 0x10: [io  0xd100-0xd1ff]
[    0.112810] pci 0000:00:05.0: reg 0x14: [io  0xd200-0xd23f]
[    0.113787] pci 0000:00:06.0: [106b:003f] type 00 class 0x0c0310
[    0.115766] pci 0000:00:06.0: reg 0x10: [mem 0xf0804000-0xf0804fff]
[    0.126617] pci 0000:00:07.0: [8086:7113] type 00 class 0x068000
[    0.127170] pci 0000:00:07.0: quirk: [io  0x4000-0x403f] claimed by PIIX4 ACPI
[    0.127690] pci 0000:00:07.0: quirk: [io  0x4100-0x410f] claimed by PIIX4 SMB
[    0.129405] ACPI: PCI Interrupt Link [LNKA] (IRQs 5 9 10 *11)
[    0.130435] ACPI: PCI Interrupt Link [LNKB] (IRQs 5 9 *10 11)
[    0.131121] ACPI: PCI Interrupt Link [LNKC] (IRQs 5 *9 10 11)
[    0.131606] ACPI: PCI Interrupt Link [LNKD] (IRQs 5 9 10 *11)
[    0.132227] pci 0000:00:02.0: vgaarb: setting as boot VGA device
[    0.132617] pci 0000:00:02.0: vgaarb: VGA device added: decodes=io+mem,owns=io+mem,locks=none
[    0.133005] pci 0000:00:02.0: vgaarb: bridge control possible
[    0.133386] vgaarb: loaded
[    0.134092] SCSI subsystem initialized
[    0.134493] libata version 3.00 loaded.
[    0.134549] ACPI: bus type USB registered
[    0.135042] usbcore: registered new interface driver usbfs
[    0.135453] usbcore: registered new interface driver hub
[    0.135844] usbcore: registered new device driver usb
[    0.136079] pps_core: LinuxPPS API ver. 1 registered
[    0.136460] pps_core: Software ver. 5.3.6 - Copyright 2005-2007 Rodolfo Giometti <giometti@linux.it>
[    0.137176] PTP clock support registered
[    0.137568] EDAC MC: Ver: 3.0.0
[    0.138321] Advanced Linux Sound Architecture Driver Initialized.
[    0.138744] PCI: Using ACPI for IRQ routing
[    0.139004] PCI: pci_cache_line_size set to 64 bytes
[    0.139224] e820: reserve RAM buffer [mem 0x0009fc00-0x0009ffff]
[    0.139227] e820: reserve RAM buffer [mem 0xdfff0000-0xdfffffff]
[    0.139228] e820: reserve RAM buffer [mem 0x175f00000-0x177ffffff]
[    0.139335] NetLabel: Initializing
[    0.139673] NetLabel:  domain hash size = 128
[    0.140005] NetLabel:  protocols = UNLABELED CIPSOv4 CALIPSO
[    0.140415] NetLabel:  unlabeled traffic allowed by default
[    0.140894] clocksource: Switched to clocksource tsc-early
[    0.148983] VFS: Disk quotas dquot_6.6.0
[    0.149366] VFS: Dquot-cache hash table entries: 512 (order 0, 4096 bytes)
[    0.149826] pnp: PnP ACPI init
[    0.150196] pnp 00:00: Plug and Play ACPI device, IDs PNP0303 (active)
[    0.150269] pnp 00:01: Plug and Play ACPI device, IDs PNP0f03 (active)
[    0.150976] pnp: PnP ACPI: found 2 devices
[    0.157135] clocksource: acpi_pm: mask: 0xffffff max_cycles: 0xffffff, max_idle_ns: 2085701024 ns
[    0.158147] pci_bus 0000:00: resource 4 [io  0x0000-0x0cf7 window]
[    0.158147] pci_bus 0000:00: resource 5 [io  0x0d00-0xffff window]
[    0.158147] pci_bus 0000:00: resource 6 [mem 0x000a0000-0x000bffff window]
[    0.158147] pci_bus 0000:00: resource 7 [mem 0xe0000000-0xfdffffff window]
[    0.158147] NET: Registered protocol family 2
[    0.158679] tcp_listen_portaddr_hash hash table entries: 4096 (order: 4, 65536 bytes)
[    0.159146] TCP established hash table entries: 65536 (order: 7, 524288 bytes)
[    0.159827] TCP bind hash table entries: 65536 (order: 8, 1048576 bytes)
[    0.160972] TCP: Hash tables configured (established 65536 bind 65536)
[    0.161486] UDP hash table entries: 4096 (order: 5, 131072 bytes)
[    0.161899] UDP-Lite hash table entries: 4096 (order: 5, 131072 bytes)
[    0.162209] NET: Registered protocol family 1
[    0.162583] RPC: Registered named UNIX socket transport module.
[    0.162977] RPC: Registered udp transport module.
[    0.163353] RPC: Registered tcp transport module.
[    0.163715] RPC: Registered tcp NFSv4.1 backchannel transport module.
[    0.164204] pci 0000:00:00.0: Limiting direct PCI/PCI transfers
[    0.164642] pci 0000:00:01.0: Activating ISA DMA hang workarounds
[    0.165321] pci 0000:00:02.0: Video device with shadowed ROM at [mem 0x000c0000-0x000dffff]
[    0.166787] PCI: CLS 0 bytes, default 64
[    0.166813] Unpacking initramfs...
[    0.341831] Freeing initrd memory: 13196K
[    0.342109] PCI-DMA: Using software bounce buffering for IO (SWIOTLB)
[    0.342515] software IO TLB [mem 0xdbff0000-0xdfff0000] (64MB) mapped at [        (ptrval)-        (ptrval)]
[    0.343098] RAPL PMU: API unit is 2^-32 Joules, 4 fixed counters, 10737418240 ms ovfl timer
[    0.343607] RAPL PMU: hw unit of domain pp0-core 2^-0 Joules
[    0.343987] RAPL PMU: hw unit of domain package 2^-0 Joules
[    0.344389] RAPL PMU: hw unit of domain dram 2^-0 Joules
[    0.344805] RAPL PMU: hw unit of domain pp1-gpu 2^-0 Joules
[    0.345444] platform rtc_cmos: registered platform RTC device (no PNP device found)
[    0.346060] Scanning for low memory corruption every 60 seconds
[    0.346820] Initialise system trusted keyrings
[    0.347439] workingset: timestamp_bits=56 max_order=21 bucket_order=0
[    0.350383] NFS: Registering the id_resolver key type
[    0.350773] Key type id_resolver registered
[    0.351131] Key type id_legacy registered
[    0.351551] SELinux:  Registering netfilter hooks
[    0.352135] Key type asymmetric registered
[    0.352487] Asymmetric key parser 'x509' registered
[    0.352872] Block layer SCSI generic (bsg) driver version 0.4 loaded (major 251)
[    0.353860] io scheduler noop registered
[    0.354254] io scheduler deadline registered
[    0.354708] io scheduler cfq registered (default)
[    0.355085] io scheduler mq-deadline registered
[    0.355444] io scheduler kyber registered
[    0.356022] ACPI: AC Adapter [AC] (on-line)
[    0.356438] input: Power Button as /devices/LNXSYSTM:00/LNXPWRBN:00/input/input0
[    0.356936] ACPI: Power Button [PWRF]
[    0.357373] input: Sleep Button as /devices/LNXSYSTM:00/LNXSLPBN:00/input/input1
[    0.357867] ACPI: Sleep Button [SLPF]
[    0.358299] ACPI: Video Device [GFX0] (multi-head: yes  rom: no  post: no)
[    0.358762] input: Video Bus as /devices/LNXSYSTM:00/LNXSYBUS:00/PNP0A03:00/LNXVIDEO:00/input/input2
[    0.359322] Serial: 8250/16550 driver, 4 ports, IRQ sharing enabled
[    0.360176] Non-volatile memory driver v1.3
[    0.360364] Linux agpgart interface v0.103
[    0.362940] loop: module loaded
[    0.363395] ata_piix 0000:00:01.1: version 2.13
[    0.363849] scsi host0: ata_piix
[    0.364203] scsi host1: ata_piix
[    0.364558] ata1: PATA max UDMA/33 cmd 0x1f0 ctl 0x3f6 bmdma 0xd000 irq 14
[    0.364967] ata2: PATA max UDMA/33 cmd 0x170 ctl 0x376 bmdma 0xd008 irq 15
[    0.366029] e100: Intel(R) PRO/100 Network Driver, 3.5.24-k2-NAPI
[    0.366414] e100: Copyright(c) 1999-2006 Intel Corporation
[    0.367073] e1000: Intel(R) PRO/1000 Network Driver - version 7.3.21-k8-NAPI
[    0.367645] e1000: Copyright (c) 1999-2006 Intel Corporation.
[    0.523416] ata1.01: NODEV after polling detection
[    0.523582] ata1.00: ATA-6: VBOX HARDDISK, 1.0, max UDMA/133
[    0.524007] ata1.00: 62914560 sectors, multi 128: LBA 
[    0.524726] ata1.00: configured for UDMA/33
[    0.525571] scsi 0:0:0:0: Direct-Access     ATA      VBOX HARDDISK    1.0  PQ: 0 ANSI: 5
[    0.526256] sd 0:0:0:0: [sda] 62914560 512-byte logical blocks: (32.2 GB/30.0 GiB)
[    0.526824] sd 0:0:0:0: [sda] Write Protect is off
[    0.527108] sd 0:0:0:0: [sda] Mode Sense: 00 3a 00 00
[    0.527353] ata2.00: ATAPI: VBOX CD-ROM, 1.0, max UDMA/133
[    0.528057] sd 0:0:0:0: Attached scsi generic sg0 type 0
[    0.528662] ata2.00: configured for UDMA/33
[    0.529176] sd 0:0:0:0: [sda] Write cache: enabled, read cache: enabled, doesn't support DPO or FUA
[    0.530373] scsi 1:0:0:0: CD-ROM            VBOX     CD-ROM           1.0  PQ: 0 ANSI: 5
[    0.542331]  sda: sda1 sda2 sda3 sda4
[    0.542856] sd 0:0:0:0: [sda] Attached SCSI disk
[    0.549023] sr 1:0:0:0: [sr0] scsi3-mmc drive: 32x/32x xa/form2 tray
[    0.549432] cdrom: Uniform CD-ROM driver Revision: 3.20
[    0.549893] sr 1:0:0:0: Attached scsi CD-ROM sr0
[    0.550019] sr 1:0:0:0: Attached scsi generic sg1 type 5
[    0.759410] e1000 0000:00:03.0 eth0: (PCI:33MHz:32-bit) 08:00:27:5a:6b:77
[    0.759830] e1000 0000:00:03.0 eth0: Intel(R) PRO/1000 Network Connection
[    0.760143] e1000e: Intel(R) PRO/1000 Network Driver - 3.2.6-k
[    0.760453] e1000e: Copyright(c) 1999 - 2015 Intel Corporation.
[    0.760859] sky2: driver version 1.30
[    0.761328] ehci_hcd: USB 2.0 'Enhanced' Host Controller (EHCI) Driver
[    0.761818] ehci-pci: EHCI PCI platform driver
[    0.763028] ohci_hcd: USB 1.1 'Open' Host Controller (OHCI) Driver
[    0.763439] ohci-pci: OHCI PCI platform driver
[    0.764162] ohci-pci 0000:00:06.0: OHCI PCI host controller
[    0.764609] ohci-pci 0000:00:06.0: new USB bus registered, assigned bus number 1
[    0.765097] ohci-pci 0000:00:06.0: irq 22, io mem 0xf0804000
[    0.817313] usb usb1: New USB device found, idVendor=1d6b, idProduct=0001, bcdDevice= 4.17
[    0.817832] usb usb1: New USB device strings: Mfr=3, Product=2, SerialNumber=1
[    0.818328] usb usb1: Product: OHCI PCI host controller
[    0.818702] usb usb1: Manufacturer: Linux 4.17.10-ttshivhu ohci_hcd
[    0.819012] usb usb1: SerialNumber: 0000:00:06.0
[    0.819478] hub 1-0:1.0: USB hub found
[    0.819833] hub 1-0:1.0: 12 ports detected
[    0.820556] uhci_hcd: USB Universal Host Controller Interface driver
[    0.821012] usbcore: registered new interface driver usblp
[    0.821415] usbcore: registered new interface driver usb-storage
[    0.821869] i8042: PNP: PS/2 Controller [PNP0303:PS2K,PNP0f03:PS2M] at 0x60,0x64 irq 1,12
[    0.822864] serio: i8042 KBD port at 0x60,0x64 irq 1
[    0.823333] serio: i8042 AUX port at 0x60,0x64 irq 12
[    0.824089] input: AT Translated Set 2 keyboard as /devices/platform/i8042/serio0/input/input3
[    0.825747] rtc_cmos rtc_cmos: registered as rtc0
[    0.826301] rtc_cmos rtc_cmos: alarms up to one day, 114 bytes nvram
[    0.826852] device-mapper: ioctl: 4.39.0-ioctl (2018-04-03) initialised: dm-devel@redhat.com
[    0.827684] hidraw: raw HID events driver (C) Jiri Kosina
[    0.828404] usbcore: registered new interface driver usbhid
[    0.828851] usbhid: USB HID core driver
[    0.829790] Initializing XFRM netlink socket
[    0.831117] NET: Registered protocol family 10
[    0.831673] Segment Routing with IPv6
[    0.832103] sit: IPv6, IPv4 and MPLS over IPv4 tunneling driver
[    0.832637] NET: Registered protocol family 17
[    0.833027] Key type dns_resolver registered
[    0.833467] sched_clock: Marking stable (832998343, 0)->(925890137, -92891794)
[    0.834132] registered taskstats version 1
[    0.834488] Loading compiled-in X.509 certificates
[    0.835151]   Magic number: 10:406:31
[    0.835517] console [netcon0] enabled
[    0.835869] netconsole: network logging started
[    0.836261] cfg80211: Loading compiled-in X.509 certificates for regulatory database
[    0.837442] cfg80211: Loaded X.509 cert 'sforshee: 00b28ddf47aef9cea7'
[    0.837860] ALSA device list:
[    0.838193]   No soundcards found.
[    0.839021] Freeing unused kernel memory: 1240K
[    0.839372] platform regulatory.0: Direct firmware load for regulatory.db failed with error -2
[    0.839890] cfg80211: failed to load regulatory.db
[    0.842759] Write protecting the kernel read-only data: 18432k
[    0.843911] Freeing unused kernel memory: 2004K
[    0.845782] Freeing unused kernel memory: 996K
[    0.851875] udevd[997]: starting version 3.2.2
[    0.852375] random: udevd: uninitialized urandom read (16 bytes read)
[    0.852800] random: udevd: uninitialized urandom read (16 bytes read)
[    0.853107] random: udevd: uninitialized urandom read (16 bytes read)
[    0.857048] udevd[998]: starting eudev-3.2.2
[    0.940194] cdrom_id (1258) used greatest stack depth: 13984 bytes left
[    1.014256] random: fast init done
[    1.033047] input: ImExPS/2 Generic Explorer Mouse as /devices/platform/i8042/serio1/input/input5
[    1.113375] EXT4-fs (sda2): mounted filesystem with ordered data mode. Opts: (null)
[    1.116123] udevd (1079) used greatest stack depth: 13888 bytes left
[    1.223647] usb 1-1: new full-speed USB device number 2 using ohci-pci
[    1.376045] tsc: Refined TSC clocksource calibration: 2793.533 MHz
[    1.376457] clocksource: tsc: mask: 0xffffffffffffffff max_cycles: 0x284463b702f, max_idle_ns: 440795312082 ns
[    1.377047] clocksource: Switched to clocksource tsc
[    1.467289] usb 1-1: New USB device found, idVendor=80ee, idProduct=0021, bcdDevice= 1.00
[    1.467800] usb 1-1: New USB device strings: Mfr=1, Product=3, SerialNumber=0
[    1.468120] usb 1-1: Product: USB Tablet
[    1.468479] usb 1-1: Manufacturer: VirtualBox
[    1.480261] input: VirtualBox USB Tablet as /devices/pci0000:00/0000:00:06.0/usb1/1-1/1-1:1.0/0003:80EE:0021.0001/input/input6
[    1.480926] hid-generic 0003:80EE:0021.0001: input,hidraw0: USB HID v1.10 Mouse [VirtualBox USB Tablet] on usb-0000:00:06.0-1/input0
[    1.668137] usb 1-2: new full-speed USB device number 3 using ohci-pci
[    1.918387] usb 1-2: config 1 interface 0 altsetting 0 endpoint 0x81 has invalid maxpacket 512, setting to 64
[    1.918959] usb 1-2: config 1 interface 0 altsetting 0 endpoint 0x2 has invalid maxpacket 512, setting to 64
[    1.937301] usb 1-2: New USB device found, idVendor=0781, idProduct=5571, bcdDevice= 1.27
[    1.937866] usb 1-2: New USB device strings: Mfr=1, Product=2, SerialNumber=3
[    1.938197] usb 1-2: Product: Cruzer Fit
[    1.938551] usb 1-2: Manufacturer: SanDisk
[    1.938929] usb 1-2: SerialNumber: 4C530006010804103274
[    1.941152] usb-storage 1-2:1.0: USB Mass Storage device detected
[    1.941618] scsi host2: usb-storage 1-2:1.0
[    2.995888] scsi 2:0:0:0: Direct-Access     SanDisk  Cruzer Fit       1.27 PQ: 0 ANSI: 6
[    2.996311] sd 2:0:0:0: Attached scsi generic sg2 type 0
[    3.013164] sd 2:0:0:0: [sdb] 15633408 512-byte logical blocks: (8.00 GB/7.45 GiB)
[    3.030346] sd 2:0:0:0: [sdb] Write Protect is off
[    3.030763] sd 2:0:0:0: [sdb] Mode Sense: 43 00 00 00
[    3.047617] sd 2:0:0:0: [sdb] Write cache: disabled, read cache: enabled, doesn't support DPO or FUA
[    3.141676]  sdb: sdb1
[    3.160862] dmesg (1306) used greatest stack depth: 13880 bytes left
[    3.192791] chmod (1314) used greatest stack depth: 13824 bytes left
[    3.199307] sed (1318) used greatest stack depth: 13528 bytes left
[    3.200920] sd 2:0:0:0: [sdb] Attached SCSI removable disk
[    3.251254] ip (1351) used greatest stack depth: 12816 bytes left
[    3.275469] udevd[1381]: starting version 3.2.2
[    3.280738] urandom_read: 2 callbacks suppressed
[    3.280739] random: udevd: uninitialized urandom read (16 bytes read)
[    3.281759] random: udevd: uninitialized urandom read (16 bytes read)
[    3.282348] random: udevd: uninitialized urandom read (16 bytes read)
[    3.292726] udevd[1382]: starting eudev-3.2.2
[    3.352808] e1000 0000:00:03.0 enp0s3: renamed from eth0
[    3.412815] random: crng init done
[    3.413084] random: 2 urandom warning(s) missed due to ratelimiting
[    6.004595] Adding 5292028k swap on /dev/sda4.  Priority:1 extents:1 across:5292028k 
[    6.017514] EXT4-fs (sda2): re-mounted. Opts: (null)
[    6.076835] EXT4-fs (sda2): re-mounted. Opts: (null)
[    6.089509] EXT4-fs (sda3): mounted filesystem with ordered data mode. Opts: (null)
[    6.891565] IPv6: ADDRCONF(NETDEV_UP): enp0s3: link is not ready
[    6.892460] e1000: enp0s3 NIC Link is Up 1000 Mbps Full Duplex, Flow Control: RX
[    6.893190] IPv6: ADDRCONF(NETDEV_CHANGE): enp0s3: link becomes ready
[  155.792244] hrtimer: interrupt took 5419638 ns
