[    0.000000] Linux version 4.18.0-rc6-next-20180726 (root@ttshivhu) (gcc version 7.2.0 (GCC)) #1 SMP Fri Jul 27 09:50:19 SAST 2018
[    0.000000] Command line: BOOT_IMAGE=/vmlinuz-4.18.0-next root=/dev/sda2 ro
[    0.000000] x86/fpu: Supporting XSAVE feature 0x001: 'x87 floating point registers'
[    0.000000] x86/fpu: Supporting XSAVE feature 0x002: 'SSE registers'
[    0.000000] x86/fpu: Supporting XSAVE feature 0x004: 'AVX registers'
[    0.000000] x86/fpu: xstate_offset[2]:  576, xstate_sizes[2]:  256
[    0.000000] x86/fpu: Enabled xstate features 0x7, context size is 832 bytes, using 'standard' format.
[    0.000000] BIOS-provided physical RAM map:
[    0.000000] BIOS-e820: [mem 0x0000000000000000-0x000000000009fbff] usable
[    0.000000] BIOS-e820: [mem 0x000000000009fc00-0x000000000009ffff] reserved
[    0.000000] BIOS-e820: [mem 0x00000000000f0000-0x00000000000fffff] reserved
[    0.000000] BIOS-e820: [mem 0x0000000000100000-0x00000000dffeffff] usable
[    0.000000] BIOS-e820: [mem 0x00000000dfff0000-0x00000000dfffffff] ACPI data
[    0.000000] BIOS-e820: [mem 0x00000000fec00000-0x00000000fec00fff] reserved
[    0.000000] BIOS-e820: [mem 0x00000000fee00000-0x00000000fee00fff] reserved
[    0.000000] BIOS-e820: [mem 0x00000000fffc0000-0x00000000ffffffff] reserved
[    0.000000] BIOS-e820: [mem 0x0000000100000000-0x0000000175efffff] usable
[    0.000000] NX (Execute Disable) protection: active
[    0.000000] SMBIOS 2.5 present.
[    0.000000] DMI: innotek GmbH VirtualBox/VirtualBox, BIOS VirtualBox 12/01/2006
[    0.000000] tsc: Fast TSC calibration using PIT
[    0.000000] tsc: Detected 2793.529 MHz processor
[    0.001761] e820: update [mem 0x00000000-0x00000fff] usable ==> reserved
[    0.001763] e820: remove [mem 0x000a0000-0x000fffff] usable
[    0.001766] last_pfn = 0x175f00 max_arch_pfn = 0x400000000
[    0.001774] MTRR default type: uncachable
[    0.001774] MTRR variable ranges disabled:
[    0.001774] Disabled
[    0.001775] x86/PAT: MTRRs disabled, skipping PAT initialization too.
[    0.001777] CPU MTRRs all blank - virtualized system.
[    0.001779] x86/PAT: Configuration [0-7]: WB  WT  UC- UC  WB  WT  UC- UC  
[    0.001781] last_pfn = 0xdfff0 max_arch_pfn = 0x400000000
[    0.001825] found SMP MP-table at [mem 0x0009fff0-0x0009ffff] mapped at [(____ptrval____)]
[    0.001838] Scanning 1 areas for low memory corruption
[    0.001840] Base memory trampoline at [(____ptrval____)] 99000 size 24576
[    0.001864] BRK [0x1b512000, 0x1b512fff] PGTABLE
[    0.001865] BRK [0x1b513000, 0x1b513fff] PGTABLE
[    0.001866] BRK [0x1b514000, 0x1b514fff] PGTABLE
[    0.001884] BRK [0x1b515000, 0x1b515fff] PGTABLE
[    0.001886] BRK [0x1b516000, 0x1b516fff] PGTABLE
[    0.002310] BRK [0x1b517000, 0x1b517fff] PGTABLE
[    0.002327] BRK [0x1b518000, 0x1b518fff] PGTABLE
[    0.002347] RAMDISK: [mem 0x36629000-0x3730bfff]
[    0.002354] ACPI: Early table checksum verification disabled
[    0.002369] ACPI: RSDP 0x00000000000E0000 000024 (v02 VBOX  )
[    0.002373] ACPI: XSDT 0x00000000DFFF0030 00003C (v01 VBOX   VBOXXSDT 00000001 ASL  00000061)
[    0.002377] ACPI: FACP 0x00000000DFFF00F0 0000F4 (v04 VBOX   VBOXFACP 00000001 ASL  00000061)
[    0.002382] ACPI: DSDT 0x00000000DFFF0470 0021FF (v02 VBOX   VBOXBIOS 00000002 INTL 20100528)
[    0.002385] ACPI: FACS 0x00000000DFFF0200 000040
[    0.002387] ACPI: FACS 0x00000000DFFF0200 000040
[    0.002390] ACPI: APIC 0x00000000DFFF0240 000054 (v02 VBOX   VBOXAPIC 00000001 ASL  00000061)
[    0.002393] ACPI: SSDT 0x00000000DFFF02A0 0001CC (v01 VBOX   VBOXCPUT 00000002 INTL 20100528)
[    0.002399] ACPI: Local APIC address 0xfee00000
[    0.002625] No NUMA configuration found
[    0.002626] Faking a node at [mem 0x0000000000000000-0x0000000175efffff]
[    0.002628] NODE_DATA(0) allocated [mem 0x175efc000-0x175efffff]
[    0.002794] Zone ranges:
[    0.002795]   DMA      [mem 0x0000000000001000-0x0000000000ffffff]
[    0.002797]   DMA32    [mem 0x0000000001000000-0x00000000ffffffff]
[    0.002798]   Normal   [mem 0x0000000100000000-0x0000000175efffff]
[    0.002799] Movable zone start for each node
[    0.002799] Early memory node ranges
[    0.002800]   node   0: [mem 0x0000000000001000-0x000000000009efff]
[    0.002801]   node   0: [mem 0x0000000000100000-0x00000000dffeffff]
[    0.002802]   node   0: [mem 0x0000000100000000-0x0000000175efffff]
[    0.003430] Reserved but unavailable: 114 pages
[    0.003431] Initmem setup node 0 [mem 0x0000000000001000-0x0000000175efffff]
[    0.003432] On node 0 totalpages: 1400462
[    0.003433]   DMA zone: 64 pages used for memmap
[    0.003434]   DMA zone: 21 pages reserved
[    0.003434]   DMA zone: 3998 pages, LIFO batch:0
[    0.003498]   DMA32 zone: 14272 pages used for memmap
[    0.003499]   DMA32 zone: 913392 pages, LIFO batch:63
[    0.026292]   Normal zone: 7548 pages used for memmap
[    0.026293]   Normal zone: 483072 pages, LIFO batch:63
[    0.039351] ACPI: PM-Timer IO Port: 0x4008
[    0.039354] ACPI: Local APIC address 0xfee00000
[    0.039399] IOAPIC[0]: apic_id 1, version 32, address 0xfec00000, GSI 0-23
[    0.039402] ACPI: INT_SRC_OVR (bus 0 bus_irq 0 global_irq 2 dfl dfl)
[    0.039403] ACPI: INT_SRC_OVR (bus 0 bus_irq 9 global_irq 9 low level)
[    0.039404] ACPI: IRQ0 used by override.
[    0.039405] ACPI: IRQ9 used by override.
[    0.039407] Using ACPI (MADT) for SMP configuration information
[    0.039411] smpboot: Allowing 1 CPUs, 0 hotplug CPUs
[    0.039419] PM: Registered nosave memory: [mem 0x00000000-0x00000fff]
[    0.039420] PM: Registered nosave memory: [mem 0x0009f000-0x0009ffff]
[    0.039421] PM: Registered nosave memory: [mem 0x000a0000-0x000effff]
[    0.039422] PM: Registered nosave memory: [mem 0x000f0000-0x000fffff]
[    0.039423] PM: Registered nosave memory: [mem 0xdfff0000-0xdfffffff]
[    0.039423] PM: Registered nosave memory: [mem 0xe0000000-0xfebfffff]
[    0.039424] PM: Registered nosave memory: [mem 0xfec00000-0xfec00fff]
[    0.039425] PM: Registered nosave memory: [mem 0xfec01000-0xfedfffff]
[    0.039425] PM: Registered nosave memory: [mem 0xfee00000-0xfee00fff]
[    0.039426] PM: Registered nosave memory: [mem 0xfee01000-0xfffbffff]
[    0.039426] PM: Registered nosave memory: [mem 0xfffc0000-0xffffffff]
[    0.039428] [mem 0xe0000000-0xfebfffff] available for PCI devices
[    0.039430] clocksource: refined-jiffies: mask: 0xffffffff max_cycles: 0xffffffff, max_idle_ns: 1910969940391419 ns
[    0.115287] random: get_random_bytes called from start_kernel+0x8b/0x4a1 with crng_init=0
[    0.115295] setup_percpu: NR_CPUS:64 nr_cpumask_bits:64 nr_cpu_ids:1 nr_node_ids:1
[    0.115684] percpu: Embedded 43 pages/cpu @(____ptrval____) s138008 r8192 d29928 u2097152
[    0.115688] pcpu-alloc: s138008 r8192 d29928 u2097152 alloc=1*2097152
[    0.115689] pcpu-alloc: [0] 0 
[    0.115702] Built 1 zonelists, mobility grouping on.  Total pages: 1378557
[    0.115703] Policy zone: Normal
[    0.115704] Kernel command line: BOOT_IMAGE=/vmlinuz-4.18.0-next root=/dev/sda2 ro
[    0.126682] Calgary: detecting Calgary via BIOS EBDA area
[    0.126684] Calgary: Unable to locate Rio Grande table in EBDA - bailing!
[    0.140074] Memory: 5408560K/5601848K available (12300K kernel code, 1302K rwdata, 3024K rodata, 1240K init, 608K bss, 193288K reserved, 0K cma-reserved)
[    0.140416] SLUB: HWalign=64, Order=0-3, MinObjects=0, CPUs=1, Nodes=1
[    0.140420] Kernel/User page tables isolation: enabled
[    0.140835] rcu: Hierarchical RCU implementation.
[    0.140836] rcu: 	RCU event tracing is enabled.
[    0.140837] rcu: 	RCU restricting CPUs from NR_CPUS=64 to nr_cpu_ids=1.
[    0.140838] rcu: Adjusting geometry for rcu_fanout_leaf=16, nr_cpu_ids=1
[    0.140944] NR_IRQS: 4352, nr_irqs: 256, preallocated irqs: 16
[    0.149238] Console: colour VGA+ 80x25
[    0.188811] console [tty0] enabled
[    0.189172] ACPI: Core revision 20180629
[    0.189661] APIC: Switch to symmetric I/O mode setup
[    0.191022] ..TIMER: vector=0x30 apic1=0 pin1=2 apic2=-1 pin2=-1
[    0.196095] clocksource: tsc-early: mask: 0xffffffffffffffff max_cycles: 0x28445fc19c7, max_idle_ns: 440795310596 ns
[    0.196205] Calibrating delay loop (skipped), value calculated using timer frequency.. 5587.05 BogoMIPS (lpj=2793529)
[    0.197191] pid_max: default: 32768 minimum: 301
[    0.197627] Security Framework initialized
[    0.198040] SELinux:  Initializing.
[    0.201253] Dentry cache hash table entries: 1048576 (order: 11, 8388608 bytes)
[    0.202706] Inode-cache hash table entries: 524288 (order: 10, 4194304 bytes)
[    0.203165] Mount-cache hash table entries: 16384 (order: 5, 131072 bytes)
[    0.203203] Mountpoint-cache hash table entries: 16384 (order: 5, 131072 bytes)
[    0.204276] CPU: Physical Processor ID: 0
[    0.204668] mce: CPU supports 0 MCE banks
[    0.205206] process: using mwait in idle threads
[    0.205611] Last level iTLB entries: 4KB 128, 2MB 8, 4MB 8
[    0.206090] Last level dTLB entries: 4KB 64, 2MB 0, 4MB 0, 1GB 4
[    0.206195] Spectre V2 : Vulnerable: Minimal generic ASM retpoline
[    0.206686] Speculative Store Bypass: Vulnerable
[    0.220196] Freeing SMP alternatives memory: 40K
[    0.221191] smpboot: CPU0: Intel(R) Core(TM) i5-5575R CPU @ 2.80GHz (family: 0x6, model: 0x47, stepping: 0x1)
[    0.221191] Performance Events: unsupported p6 CPU model 71 no PMU driver, software events only.
[    0.221223] rcu: Hierarchical SRCU implementation.
[    0.221676] smp: Bringing up secondary CPUs ...
[    0.222194] smp: Brought up 1 node, 1 CPU
[    0.222538] smpboot: Max logical packages: 1
[    0.223194] smpboot: Total of 1 processors activated (5587.05 BogoMIPS)
[    0.223886] devtmpfs: initialized
[    0.224352] clocksource: jiffies: mask: 0xffffffff max_cycles: 0xffffffff, max_idle_ns: 1911260446275000 ns
[    0.225243] kworker/u2:0 (17) used greatest stack depth: 14592 bytes left
[    0.225748] futex hash table entries: 256 (order: 2, 16384 bytes)
[    0.226254] RTC time:  8:21:48, date: 07/27/18
[    0.226669] NET: Registered protocol family 16
[    0.227078] audit: initializing netlink subsys (disabled)
[    0.227710] cpuidle: using governor menu
[    0.228191] audit: type=2000 audit(1532679708.037:1): state=initialized audit_enabled=0 res=1
[    0.228744] kworker/u2:1 (30) used greatest stack depth: 14144 bytes left
[    0.229237] ACPI: bus type PCI registered
[    0.229686] PCI: Using configuration type 1 for base access
[    0.237111] HugeTLB registered 2.00 MiB page size, pre-allocated 0 pages
[    0.237328] ACPI: Added _OSI(Module Device)
[    0.237687] ACPI: Added _OSI(Processor Device)
[    0.238191] ACPI: Added _OSI(3.0 _SCP Extensions)
[    0.238539] ACPI: Added _OSI(Processor Aggregator Device)
[    0.239026] ACPI: Added _OSI(Linux-Dell-Video)
[    0.239198] ACPI: Added _OSI(Linux-Lenovo-NV-HDMI-Audio)
[    0.240551] ACPI: 2 ACPI AML tables successfully acquired and loaded
[    0.242191] ACPI: Interpreter enabled
[    0.242205] ACPI: (supports S0 S5)
[    0.242538] ACPI: Using IOAPIC for interrupt routing
[    0.243330] PCI: Using host bridge windows from ACPI; if necessary, use "pci=nocrs" and report a bug
[    0.244305] ACPI: Enabled 2 GPEs in block 00 to 07
[    0.249133] ACPI: PCI Root Bridge [PCI0] (domain 0000 [bus 00-ff])
[    0.249217] acpi PNP0A03:00: _OSC: OS supports [ASPM ClockPM Segments MSI]
[    0.249645] acpi PNP0A03:00: _OSC: not requesting OS control; OS requires [ExtendedConfig ASPM ClockPM MSI]
[    0.250192] acpi PNP0A03:00: fail to add MMCONFIG information, can't access extended PCI configuration space under this bridge.
[    0.250806] PCI host bridge to bus 0000:00
[    0.251482] pci_bus 0000:00: root bus resource [io  0x0000-0x0cf7 window]
[    0.252204] pci_bus 0000:00: root bus resource [io  0x0d00-0xffff window]
[    0.252616] pci_bus 0000:00: root bus resource [mem 0x000a0000-0x000bffff window]
[    0.253096] pci_bus 0000:00: root bus resource [mem 0xe0000000-0xfdffffff window]
[    0.253207] pci_bus 0000:00: root bus resource [bus 00-ff]
[    0.253643] pci 0000:00:00.0: [8086:1237] type 00 class 0x060000
[    0.254861] pci 0000:00:01.0: [8086:7000] type 00 class 0x060100
[    0.255804] pci 0000:00:01.1: [8086:7111] type 00 class 0x01018a
[    0.256466] pci 0000:00:01.1: reg 0x20: [io  0xd000-0xd00f]
[    0.256726] pci 0000:00:01.1: legacy IDE quirk: reg 0x10: [io  0x01f0-0x01f7]
[    0.257147] pci 0000:00:01.1: legacy IDE quirk: reg 0x14: [io  0x03f6]
[    0.257195] pci 0000:00:01.1: legacy IDE quirk: reg 0x18: [io  0x0170-0x0177]
[    0.257611] pci 0000:00:01.1: legacy IDE quirk: reg 0x1c: [io  0x0376]
[    0.258418] pci 0000:00:02.0: [80ee:beef] type 00 class 0x030000
[    0.261406] pci 0000:00:02.0: reg 0x10: [mem 0xe0000000-0xe0ffffff pref]
[    0.272765] pci 0000:00:03.0: [8086:100e] type 00 class 0x020000
[    0.274986] pci 0000:00:03.0: reg 0x10: [mem 0xf0000000-0xf001ffff]
[    0.278527] pci 0000:00:03.0: reg 0x18: [io  0xd010-0xd017]
[    0.286897] pci 0000:00:04.0: [80ee:cafe] type 00 class 0x088000
[    0.287924] pci 0000:00:04.0: reg 0x10: [io  0xd020-0xd03f]
[    0.289841] pci 0000:00:04.0: reg 0x14: [mem 0xf0400000-0xf07fffff]
[    0.292060] pci 0000:00:04.0: reg 0x18: [mem 0xf0800000-0xf0803fff pref]
[    0.299589] pci 0000:00:05.0: [8086:2415] type 00 class 0x040100
[    0.299798] pci 0000:00:05.0: reg 0x10: [io  0xd100-0xd1ff]
[    0.299916] pci 0000:00:05.0: reg 0x14: [io  0xd200-0xd23f]
[    0.300832] pci 0000:00:06.0: [106b:003f] type 00 class 0x0c0310
[    0.302950] pci 0000:00:06.0: reg 0x10: [mem 0xf0804000-0xf0804fff]
[    0.313835] pci 0000:00:07.0: [8086:7113] type 00 class 0x068000
[    0.314367] pci 0000:00:07.0: quirk: [io  0x4000-0x403f] claimed by PIIX4 ACPI
[    0.314866] pci 0000:00:07.0: quirk: [io  0x4100-0x410f] claimed by PIIX4 SMB
[    0.316577] ACPI: PCI Interrupt Link [LNKA] (IRQs 5 9 10 *11)
[    0.317145] ACPI: PCI Interrupt Link [LNKB] (IRQs 5 9 *10 11)
[    0.317309] ACPI: PCI Interrupt Link [LNKC] (IRQs 5 *9 10 11)
[    0.317788] ACPI: PCI Interrupt Link [LNKD] (IRQs 5 9 10 *11)
[    0.318415] pci 0000:00:02.0: vgaarb: setting as boot VGA device
[    0.318679] pci 0000:00:02.0: vgaarb: VGA device added: decodes=io+mem,owns=io+mem,locks=none
[    0.319196] pci 0000:00:02.0: vgaarb: bridge control possible
[    0.320194] vgaarb: loaded
[    0.320609] SCSI subsystem initialized
[    0.321264] libata version 3.00 loaded.
[    0.321319] ACPI: bus type USB registered
[    0.321714] usbcore: registered new interface driver usbfs
[    0.322109] usbcore: registered new interface driver hub
[    0.322210] usbcore: registered new device driver usb
[    0.322641] pps_core: LinuxPPS API ver. 1 registered
[    0.323197] pps_core: Software ver. 5.3.6 - Copyright 2005-2007 Rodolfo Giometti <giometti@linux.it>
[    0.324197] PTP clock support registered
[    0.324748] EDAC MC: Ver: 3.0.0
[    0.326342] Advanced Linux Sound Architecture Driver Initialized.
[    0.326770] PCI: Using ACPI for IRQ routing
[    0.327119] PCI: pci_cache_line_size set to 64 bytes
[    0.327334] e820: reserve RAM buffer [mem 0x0009fc00-0x0009ffff]
[    0.327338] e820: reserve RAM buffer [mem 0xdfff0000-0xdfffffff]
[    0.327339] e820: reserve RAM buffer [mem 0x175f00000-0x177ffffff]
[    0.327452] NetLabel: Initializing
[    0.327786] NetLabel:  domain hash size = 128
[    0.328132] NetLabel:  protocols = UNLABELED CIPSOv4 CALIPSO
[    0.328234] NetLabel:  unlabeled traffic allowed by default
[    0.328740] clocksource: Switched to clocksource tsc-early
[    0.336062] VFS: Disk quotas dquot_6.6.0
[    0.336433] VFS: Dquot-cache hash table entries: 512 (order 0, 4096 bytes)
[    0.336885] pnp: PnP ACPI init
[    0.337270] pnp 00:00: Plug and Play ACPI device, IDs PNP0303 (active)
[    0.337346] pnp 00:01: Plug and Play ACPI device, IDs PNP0f03 (active)
[    0.338061] pnp: PnP ACPI: found 2 devices
[    0.344357] clocksource: acpi_pm: mask: 0xffffff max_cycles: 0xffffff, max_idle_ns: 2085701024 ns
[    0.345655] pci_bus 0000:00: resource 4 [io  0x0000-0x0cf7 window]
[    0.345657] pci_bus 0000:00: resource 5 [io  0x0d00-0xffff window]
[    0.345658] pci_bus 0000:00: resource 6 [mem 0x000a0000-0x000bffff window]
[    0.345658] pci_bus 0000:00: resource 7 [mem 0xe0000000-0xfdffffff window]
[    0.345695] NET: Registered protocol family 2
[    0.346175] tcp_listen_portaddr_hash hash table entries: 4096 (order: 4, 65536 bytes)
[    0.346583] TCP established hash table entries: 65536 (order: 7, 524288 bytes)
[    0.347089] TCP bind hash table entries: 65536 (order: 8, 1048576 bytes)
[    0.347582] TCP: Hash tables configured (established 65536 bind 65536)
[    0.348213] UDP hash table entries: 4096 (order: 5, 131072 bytes)
[    0.349313] UDP-Lite hash table entries: 4096 (order: 5, 131072 bytes)
[    0.349776] NET: Registered protocol family 1
[    0.350190] RPC: Registered named UNIX socket transport module.
[    0.350507] RPC: Registered udp transport module.
[    0.350866] RPC: Registered tcp transport module.
[    0.351219] RPC: Registered tcp NFSv4.1 backchannel transport module.
[    0.351619] pci 0000:00:00.0: Limiting direct PCI/PCI transfers
[    0.352023] pci 0000:00:01.0: Activating ISA DMA hang workarounds
[    0.352488] pci 0000:00:02.0: Video device with shadowed ROM at [mem 0x000c0000-0x000dffff]
[    0.353807] PCI: CLS 0 bytes, default 64
[    0.353829] Unpacking initramfs...
[    0.527707] Freeing initrd memory: 13196K
[    0.528079] PCI-DMA: Using software bounce buffering for IO (SWIOTLB)
[    0.528483] software IO TLB [mem 0xdbff0000-0xdfff0000] (64MB) mapped at [00000000a9587689-0000000022f9f03b]
[    0.529090] RAPL PMU: API unit is 2^-32 Joules, 4 fixed counters, 10737418240 ms ovfl timer
[    0.529600] RAPL PMU: hw unit of domain pp0-core 2^-0 Joules
[    0.529976] RAPL PMU: hw unit of domain package 2^-0 Joules
[    0.530359] RAPL PMU: hw unit of domain dram 2^-0 Joules
[    0.530736] RAPL PMU: hw unit of domain pp1-gpu 2^-0 Joules
[    0.531186] platform rtc_cmos: registered platform RTC device (no PNP device found)
[    0.531782] Scanning for low memory corruption every 60 seconds
[    0.532542] Initialise system trusted keyrings
[    0.533125] workingset: timestamp_bits=57 max_order=21 bucket_order=0
[    0.536043] NFS: Registering the id_resolver key type
[    0.536436] Key type id_resolver registered
[    0.536786] Key type id_legacy registered
[    0.537728] Key type asymmetric registered
[    0.538111] Asymmetric key parser 'x509' registered
[    0.538489] Block layer SCSI generic (bsg) driver version 0.4 loaded (major 251)
[    0.538992] io scheduler noop registered
[    0.539340] io scheduler deadline registered
[    0.539781] io scheduler cfq registered (default)
[    0.540159] io scheduler mq-deadline registered
[    0.540518] io scheduler kyber registered
[    0.541124] ACPI: AC Adapter [AC] (on-line)
[    0.541541] input: Power Button as /devices/LNXSYSTM:00/LNXPWRBN:00/input/input0
[    0.542039] ACPI: Power Button [PWRF]
[    0.542733] input: Sleep Button as /devices/LNXSYSTM:00/LNXSLPBN:00/input/input1
[    0.543178] ACPI: Sleep Button [SLPF]
[    0.543758] ACPI: Video Device [GFX0] (multi-head: yes  rom: no  post: no)
[    0.545086] input: Video Bus as /devices/LNXSYSTM:00/LNXSYBUS:00/PNP0A03:00/LNXVIDEO:00/input/input2
[    0.545907] Serial: 8250/16550 driver, 4 ports, IRQ sharing enabled
[    0.546536] Non-volatile memory driver v1.3
[    0.546922] Linux agpgart interface v0.103
[    0.548464] loop: module loaded
[    0.549107] ata_piix 0000:00:01.1: version 2.13
[    0.549531] scsi host0: ata_piix
[    0.549938] scsi host1: ata_piix
[    0.550217] ata1: PATA max UDMA/33 cmd 0x1f0 ctl 0x3f6 bmdma 0xd000 irq 14
[    0.550631] ata2: PATA max UDMA/33 cmd 0x170 ctl 0x376 bmdma 0xd008 irq 15
[    0.551079] e100: Intel(R) PRO/100 Network Driver, 3.5.24-k2-NAPI
[    0.551479] e100: Copyright(c) 1999-2006 Intel Corporation
[    0.552428] e1000: Intel(R) PRO/1000 Network Driver - version 7.3.21-k8-NAPI
[    0.552853] e1000: Copyright (c) 1999-2006 Intel Corporation.
[    0.714457] ata1.01: NODEV after polling detection
[    0.714616] ata1.00: ATA-6: VBOX HARDDISK, 1.0, max UDMA/133
[    0.715008] ata1.00: 62914560 sectors, multi 128: LBA 
[    0.715587] ata2.00: ATAPI: VBOX CD-ROM, 1.0, max UDMA/133
[    0.716654] scsi 0:0:0:0: Direct-Access     ATA      VBOX HARDDISK    1.0  PQ: 0 ANSI: 5
[    0.717289] sd 0:0:0:0: [sda] 62914560 512-byte logical blocks: (32.2 GB/30.0 GiB)
[    0.717784] sd 0:0:0:0: [sda] Write Protect is off
[    0.718146] sd 0:0:0:0: [sda] Mode Sense: 00 3a 00 00
[    0.718152] sd 0:0:0:0: [sda] Write cache: enabled, read cache: enabled, doesn't support DPO or FUA
[    0.718737] sd 0:0:0:0: Attached scsi generic sg0 type 0
[    0.719301] scsi 1:0:0:0: CD-ROM            VBOX     CD-ROM           1.0  PQ: 0 ANSI: 5
[    0.741314]  sda: sda1 sda2 sda3 sda4
[    0.741970] sr 1:0:0:0: [sr0] scsi3-mmc drive: 32x/32x xa/form2 tray
[    0.742373] cdrom: Uniform CD-ROM driver Revision: 3.20
[    0.742829] sd 0:0:0:0: [sda] Attached SCSI disk
[    0.743273] sr 1:0:0:0: Attached scsi CD-ROM sr0
[    0.743423] sr 1:0:0:0: Attached scsi generic sg1 type 5
[    0.937545] e1000 0000:00:03.0 eth0: (PCI:33MHz:32-bit) 08:00:27:5a:6b:77
[    0.937826] e1000 0000:00:03.0 eth0: Intel(R) PRO/1000 Network Connection
[    0.938269] e1000e: Intel(R) PRO/1000 Network Driver - 3.2.6-k
[    0.938566] e1000e: Copyright(c) 1999 - 2015 Intel Corporation.
[    0.938957] sky2: driver version 1.30
[    0.939421] ehci_hcd: USB 2.0 'Enhanced' Host Controller (EHCI) Driver
[    0.939833] ehci-pci: EHCI PCI platform driver
[    0.940195] ohci_hcd: USB 1.1 'Open' Host Controller (OHCI) Driver
[    0.940627] ohci-pci: OHCI PCI platform driver
[    0.941417] ohci-pci 0000:00:06.0: OHCI PCI host controller
[    0.941866] ohci-pci 0000:00:06.0: new USB bus registered, assigned bus number 1
[    0.942412] ohci-pci 0000:00:06.0: irq 22, io mem 0xf0804000
[    0.995666] usb usb1: New USB device found, idVendor=1d6b, idProduct=0001, bcdDevice= 4.18
[    0.996183] usb usb1: New USB device strings: Mfr=3, Product=2, SerialNumber=1
[    0.996667] usb usb1: Product: OHCI PCI host controller
[    0.997058] usb usb1: Manufacturer: Linux 4.18.0-rc6-next-20180726 ohci_hcd
[    0.997465] usb usb1: SerialNumber: 0000:00:06.0
[    0.997865] hub 1-0:1.0: USB hub found
[    0.998217] hub 1-0:1.0: 12 ports detected
[    0.998985] uhci_hcd: USB Universal Host Controller Interface driver
[    0.999438] usbcore: registered new interface driver usblp
[    0.999756] usbcore: registered new interface driver usb-storage
[    1.000192] i8042: PNP: PS/2 Controller [PNP0303:PS2K,PNP0f03:PS2M] at 0x60,0x64 irq 1,12
[    1.001113] serio: i8042 KBD port at 0x60,0x64 irq 1
[    1.001485] serio: i8042 AUX port at 0x60,0x64 irq 12
[    1.002188] input: AT Translated Set 2 keyboard as /devices/platform/i8042/serio0/input/input3
[    1.003779] rtc_cmos rtc_cmos: registered as rtc0
[    1.004168] rtc_cmos rtc_cmos: alarms up to one day, 114 bytes nvram
[    1.004682] device-mapper: ioctl: 4.39.0-ioctl (2018-04-03) initialised: dm-devel@redhat.com
[    1.005687] hidraw: raw HID events driver (C) Jiri Kosina
[    1.006330] usbcore: registered new interface driver usbhid
[    1.006709] usbhid: USB HID core driver
[    1.008508] Initializing XFRM netlink socket
[    1.009829] NET: Registered protocol family 10
[    1.010361] Segment Routing with IPv6
[    1.010781] sit: IPv6, IPv4 and MPLS over IPv4 tunneling driver
[    1.011295] NET: Registered protocol family 17
[    1.011666] Key type dns_resolver registered
[    1.012119] sched_clock: Marking stable (962928121, 49098984)->(1116441899, -104414794)
[    1.013026] registered taskstats version 1
[    1.013378] Loading compiled-in X.509 certificates
[    1.013902]   Magic number: 10:704:372
[    1.014273] console [netcon0] enabled
[    1.014608] netconsole: network logging started
[    1.015042] cfg80211: Loading compiled-in X.509 certificates for regulatory database
[    1.016717] cfg80211: Loaded X.509 cert 'sforshee: 00b28ddf47aef9cea7'
[    1.017130] ALSA device list:
[    1.017452]   No soundcards found.
[    1.017803] platform regulatory.0: Direct firmware load for regulatory.db failed with error -2
[    1.018369] cfg80211: failed to load regulatory.db
[    1.019314] Freeing unused kernel memory: 1240K
[    1.022561] Write protecting the kernel read-only data: 18432k
[    1.023199] Freeing unused kernel memory: 2004K
[    1.024724] Freeing unused kernel memory: 1072K
[    1.030723] udevd[1001]: starting version 3.2.2
[    1.031217] random: udevd: uninitialized urandom read (16 bytes read)
[    1.031646] random: udevd: uninitialized urandom read (16 bytes read)
[    1.032794] random: udevd: uninitialized urandom read (16 bytes read)
[    1.036024] udevd[1002]: starting eudev-3.2.2
[    1.130660] cdrom_id (1263) used greatest stack depth: 13744 bytes left
[    1.206426] random: fast init done
[    1.208180] input: ImExPS/2 Generic Explorer Mouse as /devices/platform/i8042/serio1/input/input5
[    1.316916] EXT4-fs (sda2): mounted filesystem with ordered data mode. Opts: (null)
[    1.319620] udevd (1127) used greatest stack depth: 13736 bytes left
[    1.384449] usb 1-1: new full-speed USB device number 2 using ohci-pci
[    1.567502] tsc: Refined TSC clocksource calibration: 2793.533 MHz
[    1.567912] clocksource: tsc: mask: 0xffffffffffffffff max_cycles: 0x284463b702f, max_idle_ns: 440795312082 ns
[    1.568359] clocksource: Switched to clocksource tsc
[    1.629383] usb 1-1: New USB device found, idVendor=80ee, idProduct=0021, bcdDevice= 1.00
[    1.630160] usb 1-1: New USB device strings: Mfr=1, Product=3, SerialNumber=0
[    1.630942] usb 1-1: Product: USB Tablet
[    1.631297] usb 1-1: Manufacturer: VirtualBox
[    1.642865] input: VirtualBox USB Tablet as /devices/pci0000:00/0000:00:06.0/usb1/1-1/1-1:1.0/0003:80EE:0021.0001/input/input6
[    1.644260] hid-generic 0003:80EE:0021.0001: input,hidraw0: USB HID v1.10 Mouse [VirtualBox USB Tablet] on usb-0000:00:06.0-1/input0
[    3.802615] sed (1304) used greatest stack depth: 13592 bytes left
[    3.947104] ip (1337) used greatest stack depth: 12440 bytes left
[    4.070896] udevd[1367]: starting version 3.2.2
[    4.157934] urandom_read: 2 callbacks suppressed
[    4.157935] random: udevd: uninitialized urandom read (16 bytes read)
[    4.159552] random: udevd: uninitialized urandom read (16 bytes read)
[    4.160502] random: udevd: uninitialized urandom read (16 bytes read)
[    4.333788] udevd[1369]: starting eudev-3.2.2
[    4.511176] e1000 0000:00:03.0 enp0s3: renamed from eth0
[    5.473859] Adding 5292028k swap on /dev/sda4.  Priority:1 extents:1 across:5292028k 
[    5.505480] EXT4-fs (sda2): re-mounted. Opts: (null)
[    5.645147] EXT4-fs (sda2): re-mounted. Opts: (null)
[    5.668489] EXT4-fs (sda3): mounted filesystem with ordered data mode. Opts: (null)
[    6.877056] IPv6: ADDRCONF(NETDEV_UP): enp0s3: link is not ready
[    6.878198] ip (2374) used greatest stack depth: 12352 bytes left
[    6.879462] e1000: enp0s3 NIC Link is Up 1000 Mbps Full Duplex, Flow Control: RX
[    6.880724] IPv6: ADDRCONF(NETDEV_CHANGE): enp0s3: link becomes ready
[   11.457227] random: crng init done
[   11.457959] random: 2 urandom warning(s) missed due to ratelimiting
